// Jest Snapshot v1, https://goo.gl/fbAQLP

exports[`pruebas en <HomePage /> debe de mostrarse correctamente 1`] = `
<div
  className="container-fluid"
>
  <h1>
    HomePage
  </h1>
  <h2>
    Hello
  </h2>
  {
   "name": "Fernando",
   "email": "fernando@gmail.com"
}
</div>
`;
