// Jest Snapshot v1, https://goo.gl/fbAQLP

exports[`pruebas en 03-examples, MultipleCustomHooks debe de mostrar la informacion 1`] = `
<div>
  <h1>
    BreakingBad Quotes
  </h1>
  <hr />
  <blockquote
    className="blockquote text-right"
  >
    <p
      className="mb-0"
    >
      hola mundo
    </p>
    <footer
      className="blockquote-footer"
    >
      fernando
    </footer>
    <button
      className="btn btn-primary mt-5"
      onClick={[Function]}
      type="button"
    >
      Next Quote
    </button>
  </blockquote>
</div>
`;

exports[`pruebas en 03-examples, MultipleCustomHooks debe de mostrarse correctamente 1`] = `
<div>
  <h1>
    BreakingBad Quotes
  </h1>
  <hr />
  <div
    className="alert alert-info textInfo"
  >
    Loading...
  </div>
</div>
`;
